-----------------x_train is-------------
[[0.61184907 0.4113726  0.43935618]
 [0.6640408  0.44753084 0.534351  ]
 [0.61521494 0.38741842 0.41381103]
 ...
 [0.6422532  0.409678   0.45410177]
 [0.6222441  0.4041662  0.3707165 ]
 [0.64067966 0.40746847 0.40186918]]-----------------y_train is-------------
[[0.6640408  0.44753084 0.534351  ]
 [0.61521494 0.38741842 0.41381103]
 [0.6134349  0.3963205  0.41536865]
 ...
 [0.6222441  0.4041662  0.3707165 ]
 [0.64067966 0.40746847 0.40186918]
 [0.6470076  0.38611278 0.41121495]]-----------------x_test is-------------
[[0.6470076  0.38611278 0.41121495]
 [0.5703074  0.3857567  0.42107996]
 [0.6099622  0.41329634 0.45031154]
 ...
 [0.59882474 0.39062315 0.4332295 ]
 [0.62820506 0.38326412 0.43634477]
 [0.6271367  0.38646886 0.4127726 ]]-----------------y_test is-------------
[[0.5703074  0.3857567  0.42107996]
 [0.6099622  0.41329634 0.45031154]
 [0.6538514  0.3974481  0.44460022]
 ...
 [0.62820506 0.38326412 0.43634477]
 [0.6271367  0.38646886 0.4127726 ]
 [0.5854701  0.40911573 0.42419523]]