-----------------x_train is-------------
[[0.4966304  0.36917406 0.5510164 ]
 [0.5620468  0.339547   0.36074612]
 [0.5010828  0.36068162 0.54740155]
 ...
 [0.71097803 0.35241398 0.55446804]
 [0.64238954 0.32462242 0.37816453]
 [0.61680454 0.35370404 0.3868193 ]]-----------------y_train is-------------
[[0.5620468  0.339547   0.36074612]
 [0.5010828  0.36068162 0.54740155]
 [0.6044884  0.34333664 0.41344863]
 ...
 [0.64238954 0.32462242 0.37816453]
 [0.61680454 0.35370404 0.3868193 ]
 [0.6599464  0.32246482 0.30395722]]-----------------x_test is-------------
[[0.6599464  0.32246482 0.30395722]
 [0.68302506 0.35408118 0.5055064 ]
 [0.64649534 0.3171757  0.37473866]
 ...
 [0.625878   0.48635116 0.34263584]
 [0.83412904 0.5551353  0.58182937]
 [0.74263984 0.5337154  0.39136875]]-----------------y_test is-------------
[[0.68302506 0.35408118 0.5055064 ]
 [0.64649534 0.3171757  0.37473866]
 [0.61315054 0.33702376 0.50715005]
 ...
 [0.83412904 0.5551353  0.58182937]
 [0.74263984 0.5337154  0.39136875]
 [0.67928576 0.51940304 0.39155224]]