-----------------x_train is-------------
[[0.72277228 0.         0.68518519 0.         0.        ]
 [0.57425743 0.         0.64814815 0.         0.        ]
 [0.58415842 0.         0.74074074 0.00250627 0.        ]
 ...
 [0.53465347 0.         0.52777778 0.00250627 0.        ]
 [0.48514851 0.         0.33333333 0.         0.        ]
 [0.48514851 0.         0.37037037 0.         0.        ]]-----------------y_train is-------------
[[0.72277228 0.         0.68518519 0.         0.        ]
 [0.57425743 0.         0.64814815 0.         0.        ]
 [0.58415842 0.         0.74074074 0.00250627 0.        ]
 ...
 [0.53465347 0.         0.52777778 0.00250627 0.        ]
 [0.48514851 0.         0.33333333 0.         0.        ]
 [0.48514851 0.         0.37037037 0.         0.        ]]-----------------x_test is-------------
[[0.3960396  0.         0.38888889 0.         0.        ]
 [0.3960396  0.         0.35185185 0.         0.        ]
 [0.47524752 0.         0.4537037  0.         0.        ]
 ...
 [0.27722772 0.         0.21296296 0.         0.2       ]
 [0.15841584 0.05555556 0.24074074 0.02255639 0.2       ]
 [0.15841584 0.         0.19444444 0.         0.16666667]]-----------------y_test is-------------
[[0.3960396  0.         0.38888889 0.         0.        ]
 [0.3960396  0.         0.35185185 0.         0.        ]
 [0.47524752 0.         0.4537037  0.         0.        ]
 ...
 [0.27722772 0.         0.21296296 0.         0.2       ]
 [0.15841584 0.05555556 0.24074074 0.02255639 0.2       ]
 [0.15841584 0.         0.19444444 0.         0.16666667]]